Flow report for CCSS_PROCESSOR
Sat Oct 31 14:08:09 2020
Quartus Prime Version 19.1.0 Build 670 09/22/2019 SJ Lite Edition


---------------------
; Table of Contents ;
---------------------
  1. Legal Notice
  2. Flow Summary
  3. Flow Settings
  4. Flow Non-Default Global Settings
  5. Flow Elapsed Time
  6. Flow OS Summary
  7. Flow Log
  8. Flow Messages
  9. Flow Suppressed Messages



----------------
; Legal Notice ;
----------------
Copyright (C) 2019  Intel Corporation. All rights reserved.
Your use of Intel Corporation's design tools, logic functions 
and other software and tools, and any partner logic 
functions, and any output files from any of the foregoing 
(including device programming or simulation files), and any 
associated documentation or information are expressly subject 
to the terms and conditions of the Intel Program License 
Subscription Agreement, the Intel Quartus Prime License Agreement,
the Intel FPGA IP License Agreement, or other applicable license
agreement, including, without limitation, that your use is for
the sole purpose of programming logic devices manufactured by
Intel and sold by Intel or its authorized distributors.  Please
refer to the applicable agreement for further details, at
https://fpgasoftware.intel.com/eula.



+----------------------------------------------------------------------------------+
; Flow Summary                                                                     ;
+------------------------------------+---------------------------------------------+
; Flow Status                        ; Successful - Sat Oct 31 14:08:00 2020       ;
; Quartus Prime Version              ; 19.1.0 Build 670 09/22/2019 SJ Lite Edition ;
; Revision Name                      ; CCSS_PROCESSOR                              ;
; Top-level Entity Name              ; multicore1                                  ;
; Family                             ; Cyclone IV E                                ;
; Device                             ; EP4CE115F29C7                               ;
; Timing Models                      ; Final                                       ;
; Total logic elements               ; 5,648 / 114,480 ( 5 % )                     ;
;     Total combinational functions  ; 5,356 / 114,480 ( 5 % )                     ;
;     Dedicated logic registers      ; 1,889 / 114,480 ( 2 % )                     ;
; Total registers                    ; 1889                                        ;
; Total pins                         ; 95 / 529 ( 18 % )                           ;
; Total virtual pins                 ; 0                                           ;
; Total memory bits                  ; 10,240 / 3,981,312 ( < 1 % )                ;
; Embedded Multiplier 9-bit elements ; 8 / 532 ( 2 % )                             ;
; Total PLLs                         ; 0 / 4 ( 0 % )                               ;
+------------------------------------+---------------------------------------------+


+-----------------------------------------+
; Flow Settings                           ;
+-------------------+---------------------+
; Option            ; Setting             ;
+-------------------+---------------------+
; Start date & time ; 10/31/2020 14:05:39 ;
; Main task         ; Compilation         ;
; Revision Name     ; CCSS_PROCESSOR      ;
+-------------------+---------------------+


+--------------------------------------------------------------------------------------------------------------------------+
; Flow Non-Default Global Settings                                                                                         ;
+-------------------------------------+----------------------------------------+----------------+-------------+------------+
; Assignment Name                     ; Value                                  ; Default Value  ; Entity Name ; Section Id ;
+-------------------------------------+----------------------------------------+----------------+-------------+------------+
; COMPILER_SIGNATURE_ID               ; 103512981170781.160413333915400        ; --             ; --          ; --         ;
; MAX_CORE_JUNCTION_TEMP              ; 85                                     ; --             ; --          ; --         ;
; MIN_CORE_JUNCTION_TEMP              ; 0                                      ; --             ; --          ; --         ;
; MISC_FILE                           ; instruction_memory.bsf                 ; --             ; --          ; --         ;
; MISC_FILE                           ; instruction_memory_inst.v              ; --             ; --          ; --         ;
; MISC_FILE                           ; instruction_memory_bb.v                ; --             ; --          ; --         ;
; MISC_FILE                           ; instruction_memory.inc                 ; --             ; --          ; --         ;
; MISC_FILE                           ; instruction_memory.cmp                 ; --             ; --          ; --         ;
; MISC_FILE                           ; data_memory.bsf                        ; --             ; --          ; --         ;
; MISC_FILE                           ; data_memory_inst.v                     ; --             ; --          ; --         ;
; MISC_FILE                           ; data_memory_bb.v                       ; --             ; --          ; --         ;
; MISC_FILE                           ; data_memory.inc                        ; --             ; --          ; --         ;
; MISC_FILE                           ; data_memory.cmp                        ; --             ; --          ; --         ;
; MISC_FILE                           ; data_memory1.bsf                       ; --             ; --          ; --         ;
; MISC_FILE                           ; data_memory1_inst.v                    ; --             ; --          ; --         ;
; MISC_FILE                           ; data_memory1_bb.v                      ; --             ; --          ; --         ;
; MISC_FILE                           ; data_memory1.inc                       ; --             ; --          ; --         ;
; MISC_FILE                           ; data_memory1.cmp                       ; --             ; --          ; --         ;
; MISC_FILE                           ; data_memory2.bsf                       ; --             ; --          ; --         ;
; MISC_FILE                           ; data_memory2_inst.v                    ; --             ; --          ; --         ;
; MISC_FILE                           ; data_memory2_bb.v                      ; --             ; --          ; --         ;
; MISC_FILE                           ; data_memory2.inc                       ; --             ; --          ; --         ;
; MISC_FILE                           ; data_memory2.cmp                       ; --             ; --          ; --         ;
; MISC_FILE                           ; data_memory3.bsf                       ; --             ; --          ; --         ;
; MISC_FILE                           ; data_memory3_inst.v                    ; --             ; --          ; --         ;
; MISC_FILE                           ; data_memory3_bb.v                      ; --             ; --          ; --         ;
; MISC_FILE                           ; data_memory3.inc                       ; --             ; --          ; --         ;
; MISC_FILE                           ; data_memory3.cmp                       ; --             ; --          ; --         ;
; MISC_FILE                           ; sachini2_bb.v                          ; --             ; --          ; --         ;
; NOMINAL_CORE_SUPPLY_VOLTAGE         ; 1.2V                                   ; --             ; --          ; --         ;
; NUM_PARALLEL_PROCESSORS             ; 2                                      ; --             ; --          ; --         ;
; PARTITION_COLOR                     ; -- (Not supported for targeted family) ; --             ; multicore1  ; Top        ;
; PARTITION_FITTER_PRESERVATION_LEVEL ; -- (Not supported for targeted family) ; --             ; multicore1  ; Top        ;
; PARTITION_NETLIST_TYPE              ; -- (Not supported for targeted family) ; --             ; multicore1  ; Top        ;
; POWER_BOARD_THERMAL_MODEL           ; None (CONSERVATIVE)                    ; --             ; --          ; --         ;
; POWER_PRESET_COOLING_SOLUTION       ; 23 MM HEAT SINK WITH 200 LFPM AIRFLOW  ; --             ; --          ; --         ;
; PROJECT_OUTPUT_DIRECTORY            ; output_files                           ; --             ; --          ; --         ;
; TOP_LEVEL_ENTITY                    ; multicore1                             ; CCSS_PROCESSOR ; --          ; --         ;
+-------------------------------------+----------------------------------------+----------------+-------------+------------+


+--------------------------------------------------------------------------------------------------------------------------+
; Flow Elapsed Time                                                                                                        ;
+----------------------+--------------+-------------------------+---------------------+------------------------------------+
; Module Name          ; Elapsed Time ; Average Processors Used ; Peak Virtual Memory ; Total CPU Time (on all processors) ;
+----------------------+--------------+-------------------------+---------------------+------------------------------------+
; Analysis & Synthesis ; 00:01:18     ; 1.0                     ; 4872 MB             ; 00:01:34                           ;
; Fitter               ; 00:00:46     ; 1.0                     ; 5563 MB             ; 00:00:55                           ;
; Assembler            ; 00:00:06     ; 1.0                     ; 4721 MB             ; 00:00:05                           ;
; Timing Analyzer      ; 00:00:07     ; 1.1                     ; 4881 MB             ; 00:00:06                           ;
; Total                ; 00:02:17     ; --                      ; --                  ; 00:02:40                           ;
+----------------------+--------------+-------------------------+---------------------+------------------------------------+


+------------------------------------------------------------------------------------+
; Flow OS Summary                                                                    ;
+----------------------+------------------+------------+------------+----------------+
; Module Name          ; Machine Hostname ; OS Name    ; OS Version ; Processor type ;
+----------------------+------------------+------------+------------+----------------+
; Analysis & Synthesis ; DESKTOP07Q69LV   ; Windows 10 ; 10.0       ; x86_64         ;
; Fitter               ; DESKTOP07Q69LV   ; Windows 10 ; 10.0       ; x86_64         ;
; Assembler            ; DESKTOP07Q69LV   ; Windows 10 ; 10.0       ; x86_64         ;
; Timing Analyzer      ; DESKTOP07Q69LV   ; Windows 10 ; 10.0       ; x86_64         ;
+----------------------+------------------+------------+------------+----------------+


------------
; Flow Log ;
------------
quartus_map --read_settings_files=on --write_settings_files=off CCSS_PROCESSOR -c CCSS_PROCESSOR
quartus_fit --read_settings_files=off --write_settings_files=off CCSS_PROCESSOR -c CCSS_PROCESSOR
quartus_asm --read_settings_files=off --write_settings_files=off CCSS_PROCESSOR -c CCSS_PROCESSOR
quartus_sta CCSS_PROCESSOR -c CCSS_PROCESSOR



